// Jest Snapshot v1, https://goo.gl/fbAQLP

exports[`CommonLocal.tsx shapshot - render 1`] = `
"<Common>
  <div>
    <h2>
      0
    </h2>
    <button id=\\"incr\\" onClick={[Function: incr]}>
      +1
    </button>
    <button id=\\"decr\\" onClick={[Function: decr]}>
      -1
    </button>
  </div>
</Common>"
`;
